// Jest Snapshot v1, https://goo.gl/fbAQLP

exports[`Zephr Reducer Login errors Should invalidate the email address field when an incorrect email is entered 1`] = `
Object {
  "componentData": Object {},
  "components": Object {
    "defaults": Array [],
    "page": Object {},
    "providers": Object {},
  },
  "error": null,
  "forms": Object {
    "login": Object {
      "components": "[{\\"autoComplete\\":\\"username\\",\\"className\\":\\"zephr-input-email-address\\",\\"defaultValue\\":\\"\\",\\"id\\":\\"email-address\\",\\"placeholder\\":\\"Enter your email address\\",\\"required\\":false,\\"type\\":\\"email\\",\\"invalid\\":true},{\\"type\\":\\"span\\",\\"id\\":\\"email-address-error\\",\\"key\\":\\"email-address-error-message\\",\\"className\\":\\"form-error\\",\\"message\\":\\"Oops! Let’s try that again — User not found.\\\\n       Please enter your email address.\\"},{\\"autoComplete\\":\\"current-password\\",\\"className\\":\\"zephr-input-current-password\\",\\"defaultValue\\":\\"\\",\\"id\\":\\"current-password\\",\\"placeholder\\":\\"Enter your password\\",\\"required\\":true,\\"type\\":\\"password\\"},{\\"id\\":\\"submit-button\\",\\"key\\":\\"zephr-submit-button\\",\\"type\\":\\"submit\\",\\"value\\":\\"Login\\"}]",
      "error": true,
      "errorCount": 1,
      "errors": Array [
        "user-not-found",
      ],
      "requireCaptcha": false,
    },
  },
  "headerHeight": 0,
  "loading": false,
  "player": Object {
    "currentTime": 0,
    "duration": 0,
    "loading": false,
    "playing": false,
    "seek": 0,
    "src": "",
    "visible": false,
    "volume": 0.5,
  },
  "route": Object {
    "action": "",
    "redirectStatus": 0,
    "redirectTo": false,
    "status": null,
  },
  "visible": Object {
    "megaMenu": false,
    "sliderAd": false,
    "sliderAdHasClosed": false,
  },
}
`;

exports[`Zephr Reducer Login errors Should invalidate the email address field when an unverified email is entered 1`] = `
Object {
  "componentData": Object {},
  "components": Object {
    "defaults": Array [],
    "page": Object {},
    "providers": Object {},
  },
  "error": null,
  "forms": Object {
    "login": Object {
      "components": "[{\\"autoComplete\\":\\"username\\",\\"className\\":\\"zephr-input-email-address\\",\\"defaultValue\\":\\"\\",\\"id\\":\\"email-address\\",\\"placeholder\\":\\"Enter your email address\\",\\"required\\":false,\\"type\\":\\"email\\",\\"invalid\\":true},{\\"type\\":\\"span\\",\\"id\\":\\"email-address-error\\",\\"key\\":\\"email-address-error-message\\",\\"className\\":\\"form-error\\",\\"message\\":\\"Oops! Let’s try that again — Your email has not\\\\n       yet been verified. Please check your inbox\\\\n       for a verification email and try again.\\"},{\\"autoComplete\\":\\"current-password\\",\\"className\\":\\"zephr-input-current-password\\",\\"defaultValue\\":\\"\\",\\"id\\":\\"current-password\\",\\"placeholder\\":\\"Enter your password\\",\\"required\\":true,\\"type\\":\\"password\\"},{\\"id\\":\\"submit-button\\",\\"key\\":\\"zephr-submit-button\\",\\"type\\":\\"submit\\",\\"value\\":\\"Login\\"}]",
      "error": true,
      "errorCount": 1,
      "errors": Array [
        "email-not-verified",
      ],
      "requireCaptcha": false,
    },
  },
  "headerHeight": 0,
  "loading": false,
  "player": Object {
    "currentTime": 0,
    "duration": 0,
    "loading": false,
    "playing": false,
    "seek": 0,
    "src": "",
    "visible": false,
    "volume": 0.5,
  },
  "route": Object {
    "action": "",
    "redirectStatus": 0,
    "redirectTo": false,
    "status": null,
  },
  "visible": Object {
    "megaMenu": false,
    "sliderAd": false,
    "sliderAdHasClosed": false,
  },
}
`;

exports[`Zephr Reducer Login errors Should invalidate the password field when an incorrect password is entered 1`] = `
Object {
  "componentData": Object {},
  "components": Object {
    "defaults": Array [],
    "page": Object {},
    "providers": Object {},
  },
  "error": null,
  "forms": Object {
    "login": Object {
      "components": "[{\\"autoComplete\\":\\"username\\",\\"className\\":\\"zephr-input-email-address\\",\\"defaultValue\\":\\"\\",\\"id\\":\\"email-address\\",\\"placeholder\\":\\"Enter your email address\\",\\"required\\":false,\\"type\\":\\"email\\"},{\\"autoComplete\\":\\"current-password\\",\\"className\\":\\"zephr-input-current-password\\",\\"defaultValue\\":\\"\\",\\"id\\":\\"current-password\\",\\"placeholder\\":\\"Enter your password\\",\\"required\\":true,\\"type\\":\\"password\\",\\"invalid\\":true},{\\"type\\":\\"span\\",\\"id\\":\\"current-password-error\\",\\"key\\":\\"current-password-error-message\\",\\"className\\":\\"form-error\\",\\"message\\":\\"Oops! Let’s try that again — Invalid password.\\\\n       Please enter your password.\\"},{\\"id\\":\\"submit-button\\",\\"key\\":\\"zephr-submit-button\\",\\"type\\":\\"submit\\",\\"value\\":\\"Login\\"}]",
      "error": true,
      "errorCount": 1,
      "errors": Array [
        "invalid-password",
      ],
      "requireCaptcha": false,
    },
  },
  "headerHeight": 0,
  "loading": false,
  "player": Object {
    "currentTime": 0,
    "duration": 0,
    "loading": false,
    "playing": false,
    "seek": 0,
    "src": "",
    "visible": false,
    "volume": 0.5,
  },
  "route": Object {
    "action": "",
    "redirectStatus": 0,
    "redirectTo": false,
    "status": null,
  },
  "visible": Object {
    "megaMenu": false,
    "sliderAd": false,
    "sliderAdHasClosed": false,
  },
}
`;

exports[`Zephr Reducer Registration errors Should invalidate the email address field when an existing account email is entered 1`] = `
Object {
  "componentData": Object {},
  "components": Object {
    "defaults": Array [],
    "page": Object {},
    "providers": Object {},
  },
  "error": null,
  "forms": Object {
    "register": Object {
      "components": "[{\\"autoComplete\\":\\"username\\",\\"className\\":\\"zephr-input-email-address\\",\\"defaultValue\\":\\"\\",\\"id\\":\\"email-address\\",\\"placeholder\\":\\"Enter your email address\\",\\"required\\":false,\\"type\\":\\"email\\",\\"invalid\\":true},{\\"type\\":\\"span\\",\\"id\\":\\"email-address-error\\",\\"key\\":\\"email-address-error-message\\",\\"className\\":\\"form-error\\",\\"message\\":\\"Oops! Let’s try that again — Account already exists!\\"},{\\"className\\":\\"zephr-input-full-name\\",\\"defaultValue\\":\\"\\",\\"id\\":\\"full-name\\",\\"placeholder\\":\\"Enter your full name\\",\\"required\\":true,\\"type\\":\\"text\\"},{\\"autoComplete\\":\\"new-password\\",\\"className\\":\\"zephr-input-new-password\\",\\"defaultValue\\":\\"\\",\\"id\\":\\"new-password\\",\\"placeholder\\":\\"Create a password for your account\\",\\"required\\":true,\\"type\\":\\"password\\"},{\\"autoComplete\\":\\"new-password\\",\\"className\\":\\"zephr-input-verify-password\\",\\"defaultValue\\":\\"\\",\\"id\\":\\"verify-password\\",\\"placeholder\\":\\"Confirm your password\\",\\"required\\":true,\\"type\\":\\"password\\"},{\\"id\\":\\"terms-checkbox\\"},{\\"id\\":\\"submit-button\\",\\"key\\":\\"zephr-submit-button\\",\\"type\\":\\"submit\\",\\"value\\":\\"Create this account\\"}]",
      "error": true,
      "errors": Array [
        "user-already-exists",
      ],
    },
  },
  "headerHeight": 0,
  "loading": false,
  "player": Object {
    "currentTime": 0,
    "duration": 0,
    "loading": false,
    "playing": false,
    "seek": 0,
    "src": "",
    "visible": false,
    "volume": 0.5,
  },
  "route": Object {
    "action": "",
    "redirectStatus": 0,
    "redirectTo": false,
    "status": null,
  },
  "visible": Object {
    "megaMenu": false,
    "sliderAd": false,
    "sliderAdHasClosed": false,
  },
}
`;

exports[`Zephr Reducer Registration errors Should invalidate the email address field when an invalid email is entered 1`] = `
Object {
  "componentData": Object {},
  "components": Object {
    "defaults": Array [],
    "page": Object {},
    "providers": Object {},
  },
  "error": null,
  "forms": Object {
    "register": Object {
      "components": "[{\\"autoComplete\\":\\"username\\",\\"className\\":\\"zephr-input-email-address\\",\\"defaultValue\\":\\"\\",\\"id\\":\\"email-address\\",\\"placeholder\\":\\"Enter your email address\\",\\"required\\":false,\\"type\\":\\"email\\",\\"invalid\\":true},{\\"type\\":\\"span\\",\\"id\\":\\"email-address-error\\",\\"key\\":\\"email-address-error-message\\",\\"className\\":\\"form-error\\",\\"message\\":\\"Oops! Let’s try that again — Please enter\\\\n       a valid email address.\\"},{\\"className\\":\\"zephr-input-full-name\\",\\"defaultValue\\":\\"\\",\\"id\\":\\"full-name\\",\\"placeholder\\":\\"Enter your full name\\",\\"required\\":true,\\"type\\":\\"text\\"},{\\"autoComplete\\":\\"new-password\\",\\"className\\":\\"zephr-input-new-password\\",\\"defaultValue\\":\\"\\",\\"id\\":\\"new-password\\",\\"placeholder\\":\\"Create a password for your account\\",\\"required\\":true,\\"type\\":\\"password\\"},{\\"autoComplete\\":\\"new-password\\",\\"className\\":\\"zephr-input-verify-password\\",\\"defaultValue\\":\\"\\",\\"id\\":\\"verify-password\\",\\"placeholder\\":\\"Confirm your password\\",\\"required\\":true,\\"type\\":\\"password\\"},{\\"id\\":\\"terms-checkbox\\"},{\\"id\\":\\"submit-button\\",\\"key\\":\\"zephr-submit-button\\",\\"type\\":\\"submit\\",\\"value\\":\\"Create this account\\"}]",
      "error": true,
      "errors": Array [
        "email-address",
      ],
    },
  },
  "headerHeight": 0,
  "loading": false,
  "player": Object {
    "currentTime": 0,
    "duration": 0,
    "loading": false,
    "playing": false,
    "seek": 0,
    "src": "",
    "visible": false,
    "volume": 0.5,
  },
  "route": Object {
    "action": "",
    "redirectStatus": 0,
    "redirectTo": false,
    "status": null,
  },
  "visible": Object {
    "megaMenu": false,
    "sliderAd": false,
    "sliderAdHasClosed": false,
  },
}
`;

exports[`Zephr Reducer Registration errors Should invalidate the full name field when an invalid name is entered 1`] = `
Object {
  "componentData": Object {},
  "components": Object {
    "defaults": Array [],
    "page": Object {},
    "providers": Object {},
  },
  "error": null,
  "forms": Object {
    "register": Object {
      "components": "[{\\"autoComplete\\":\\"username\\",\\"className\\":\\"zephr-input-email-address\\",\\"defaultValue\\":\\"\\",\\"id\\":\\"email-address\\",\\"placeholder\\":\\"Enter your email address\\",\\"required\\":false,\\"type\\":\\"email\\"},{\\"className\\":\\"zephr-input-full-name\\",\\"defaultValue\\":\\"\\",\\"id\\":\\"full-name\\",\\"placeholder\\":\\"Enter your full name\\",\\"required\\":true,\\"type\\":\\"text\\",\\"invalid\\":true},{\\"type\\":\\"span\\",\\"id\\":\\"full-name-error\\",\\"key\\":\\"full-name-error-message\\",\\"className\\":\\"form-error\\",\\"message\\":\\"Oops! Let’s try that again — Please enter your full name.\\"},{\\"autoComplete\\":\\"new-password\\",\\"className\\":\\"zephr-input-new-password\\",\\"defaultValue\\":\\"\\",\\"id\\":\\"new-password\\",\\"placeholder\\":\\"Create a password for your account\\",\\"required\\":true,\\"type\\":\\"password\\"},{\\"autoComplete\\":\\"new-password\\",\\"className\\":\\"zephr-input-verify-password\\",\\"defaultValue\\":\\"\\",\\"id\\":\\"verify-password\\",\\"placeholder\\":\\"Confirm your password\\",\\"required\\":true,\\"type\\":\\"password\\"},{\\"id\\":\\"terms-checkbox\\"},{\\"id\\":\\"submit-button\\",\\"key\\":\\"zephr-submit-button\\",\\"type\\":\\"submit\\",\\"value\\":\\"Create this account\\"}]",
      "error": true,
      "errors": Array [
        "full-name",
      ],
    },
  },
  "headerHeight": 0,
  "loading": false,
  "player": Object {
    "currentTime": 0,
    "duration": 0,
    "loading": false,
    "playing": false,
    "seek": 0,
    "src": "",
    "visible": false,
    "volume": 0.5,
  },
  "route": Object {
    "action": "",
    "redirectStatus": 0,
    "redirectTo": false,
    "status": null,
  },
  "visible": Object {
    "megaMenu": false,
    "sliderAd": false,
    "sliderAdHasClosed": false,
  },
}
`;

exports[`Zephr Reducer Registration errors Should invalidate the password and verification fields when the passwords do not match 1`] = `
Object {
  "componentData": Object {},
  "components": Object {
    "defaults": Array [],
    "page": Object {},
    "providers": Object {},
  },
  "error": null,
  "forms": Object {
    "register": Object {
      "components": "[{\\"autoComplete\\":\\"username\\",\\"className\\":\\"zephr-input-email-address\\",\\"defaultValue\\":\\"\\",\\"id\\":\\"email-address\\",\\"placeholder\\":\\"Enter your email address\\",\\"required\\":false,\\"type\\":\\"email\\"},{\\"className\\":\\"zephr-input-full-name\\",\\"defaultValue\\":\\"\\",\\"id\\":\\"full-name\\",\\"placeholder\\":\\"Enter your full name\\",\\"required\\":true,\\"type\\":\\"text\\"},{\\"autoComplete\\":\\"new-password\\",\\"className\\":\\"zephr-input-new-password\\",\\"defaultValue\\":\\"\\",\\"id\\":\\"new-password\\",\\"placeholder\\":\\"Create a password for your account\\",\\"required\\":true,\\"type\\":\\"password\\",\\"invalid\\":true},{\\"autoComplete\\":\\"new-password\\",\\"className\\":\\"zephr-input-verify-password\\",\\"defaultValue\\":\\"\\",\\"id\\":\\"verify-password\\",\\"placeholder\\":\\"Confirm your password\\",\\"required\\":true,\\"type\\":\\"password\\",\\"invalid\\":true},{\\"type\\":\\"span\\",\\"id\\":\\"verify-password-error\\",\\"key\\":\\"verify-password-error-message\\",\\"className\\":\\"form-error\\",\\"message\\":\\"Oops! Let’s try that again — Passwords do not match.\\\\n       Please re-enter your password and try again.\\"},{\\"id\\":\\"terms-checkbox\\"},{\\"id\\":\\"submit-button\\",\\"key\\":\\"zephr-submit-button\\",\\"type\\":\\"submit\\",\\"value\\":\\"Create this account\\"}]",
      "error": true,
      "errorCount": null,
      "errors": Array [
        "verify-password",
      ],
      "type": "register",
    },
  },
  "headerHeight": 0,
  "loading": false,
  "player": Object {
    "currentTime": 0,
    "duration": 0,
    "loading": false,
    "playing": false,
    "seek": 0,
    "src": "",
    "visible": false,
    "volume": 0.5,
  },
  "route": Object {
    "action": "",
    "redirectStatus": 0,
    "redirectTo": false,
    "status": null,
  },
  "visible": Object {
    "megaMenu": false,
    "sliderAd": false,
    "sliderAdHasClosed": false,
  },
}
`;

exports[`Zephr Reducer Registration errors Should invalidate the password field when a weak password is entered 1`] = `
Object {
  "componentData": Object {},
  "components": Object {
    "defaults": Array [],
    "page": Object {},
    "providers": Object {},
  },
  "error": null,
  "forms": Object {
    "register": Object {
      "components": "[{\\"autoComplete\\":\\"username\\",\\"className\\":\\"zephr-input-email-address\\",\\"defaultValue\\":\\"\\",\\"id\\":\\"email-address\\",\\"placeholder\\":\\"Enter your email address\\",\\"required\\":false,\\"type\\":\\"email\\"},{\\"className\\":\\"zephr-input-full-name\\",\\"defaultValue\\":\\"\\",\\"id\\":\\"full-name\\",\\"placeholder\\":\\"Enter your full name\\",\\"required\\":true,\\"type\\":\\"text\\"},{\\"autoComplete\\":\\"new-password\\",\\"className\\":\\"zephr-input-new-password\\",\\"defaultValue\\":\\"\\",\\"id\\":\\"new-password\\",\\"placeholder\\":\\"Create a password for your account\\",\\"required\\":true,\\"type\\":\\"password\\",\\"invalid\\":true},{\\"type\\":\\"span\\",\\"id\\":\\"new-password-error\\",\\"key\\":\\"new-password-error-message\\",\\"className\\":\\"form-error\\",\\"message\\":\\"Oops! Let’s try that again — Your password must be at\\\\n       least 8 characters, include one uppercase letter,\\\\n       one lowercase letter, and one symbol (e.g. !#$%&).\\"},{\\"autoComplete\\":\\"new-password\\",\\"className\\":\\"zephr-input-verify-password\\",\\"defaultValue\\":\\"\\",\\"id\\":\\"verify-password\\",\\"placeholder\\":\\"Confirm your password\\",\\"required\\":true,\\"type\\":\\"password\\"},{\\"id\\":\\"terms-checkbox\\"},{\\"id\\":\\"submit-button\\",\\"key\\":\\"zephr-submit-button\\",\\"type\\":\\"submit\\",\\"value\\":\\"Create this account\\"}]",
      "error": true,
      "errors": Array [
        "password-not-strong",
      ],
    },
  },
  "headerHeight": 0,
  "loading": false,
  "player": Object {
    "currentTime": 0,
    "duration": 0,
    "loading": false,
    "playing": false,
    "seek": 0,
    "src": "",
    "visible": false,
    "volume": 0.5,
  },
  "route": Object {
    "action": "",
    "redirectStatus": 0,
    "redirectTo": false,
    "status": null,
  },
  "visible": Object {
    "megaMenu": false,
    "sliderAd": false,
    "sliderAdHasClosed": false,
  },
}
`;

exports[`Zephr Reducer Registration errors Should invalidate the terms of service checkbox if not checked 1`] = `
Object {
  "componentData": Object {},
  "components": Object {
    "defaults": Array [],
    "page": Object {},
    "providers": Object {},
  },
  "error": null,
  "forms": Object {
    "register": Object {
      "components": "[{\\"autoComplete\\":\\"username\\",\\"className\\":\\"zephr-input-email-address\\",\\"defaultValue\\":\\"\\",\\"id\\":\\"email-address\\",\\"placeholder\\":\\"Enter your email address\\",\\"required\\":false,\\"type\\":\\"email\\"},{\\"className\\":\\"zephr-input-full-name\\",\\"defaultValue\\":\\"\\",\\"id\\":\\"full-name\\",\\"placeholder\\":\\"Enter your full name\\",\\"required\\":true,\\"type\\":\\"text\\"},{\\"autoComplete\\":\\"new-password\\",\\"className\\":\\"zephr-input-new-password\\",\\"defaultValue\\":\\"\\",\\"id\\":\\"new-password\\",\\"placeholder\\":\\"Create a password for your account\\",\\"required\\":true,\\"type\\":\\"password\\"},{\\"autoComplete\\":\\"new-password\\",\\"className\\":\\"zephr-input-verify-password\\",\\"defaultValue\\":\\"\\",\\"id\\":\\"verify-password\\",\\"placeholder\\":\\"Confirm your password\\",\\"required\\":true,\\"type\\":\\"password\\"},{\\"id\\":\\"terms-checkbox\\",\\"invalid\\":true},{\\"type\\":\\"span\\",\\"id\\":\\"terms-checkbox-error\\",\\"key\\":\\"terms-checkbox-error-message\\",\\"className\\":\\"form-error\\",\\"message\\":\\"Oops! Let’s try that again — You must agree to the terms\\\\n       of service in order to create an account.\\"},{\\"id\\":\\"submit-button\\",\\"key\\":\\"zephr-submit-button\\",\\"type\\":\\"submit\\",\\"value\\":\\"Create this account\\"}]",
      "error": true,
      "errors": Array [
        "terms-checkbox",
      ],
    },
  },
  "headerHeight": 0,
  "loading": false,
  "player": Object {
    "currentTime": 0,
    "duration": 0,
    "loading": false,
    "playing": false,
    "seek": 0,
    "src": "",
    "visible": false,
    "volume": 0.5,
  },
  "route": Object {
    "action": "",
    "redirectStatus": 0,
    "redirectTo": false,
    "status": null,
  },
  "visible": Object {
    "megaMenu": false,
    "sliderAd": false,
    "sliderAdHasClosed": false,
  },
}
`;
